============================================================
  测试报告
  运行时间：2026-04-19 01:20:46
============================================================

============================================================
  简历解析测试
============================================================

解析文件：E:\niuke-ai-coach\test\data\sample_resume.pdf

提取结果：
  姓名：刘佳慧 求职意向： AI Agent 研发岗位
  电话：18045034451
  邮箱：18045034451@189.cn
  原始文本长度：2613 字符

原始文本预览（前500字符）：
  刘佳慧 求职意向： AI Agent 研发岗位
 性　　别： 女  出生年月： 2004-10
 现居城市： 浙江省 - 杭州市  学　　历： 本科
 邮　　箱： 18045034451@189.cn  电　　话： 18045034451
教育经历
2023 年 09 月 ~2027 年 06 月 [ 预计 ] 杭州电子科技大学 智能科学与技术（本科）
GPA:4.3/5
连续多次获得优秀奖学金，在校期间参与学校导师课题组。已通过英语六级
工作 / 实习经历
2026 年 03 月 ~ 至今 浙江慧疗科技有限公司 AI Agent 产品实习生（初创团队实习）
1. 从  0 到  1 独立搭建医疗专家智能体矩阵（基于  FastGPT ）
2. 独立开发  LLM 自动化测评与监控平台
3. 前沿框架探索与团队建设贡献复杂架构设计：独立完成需求拆解与架构方案，设计支持  7 类 复杂意图识别 的对话智能体，并自研 会话压缩 与 数据汇总 方案，有
效解决医疗长对话场景下 信息遗忘与意图漂移 的核心痛点。•
研发效能突破：针对多专家 重复开发 的效率瓶颈，提炼出 可复用的标准...

============================================================
  JD OCR识别测试
============================================================

解析图片：E:\niuke-ai-coach\test\data\sample_jd.jpg
失败：Expecting value: line 1 column 1 (char 0)

============================================================
  牛客网面经爬取测试
============================================================

搜索职位：Java，数量：3

找到 3 条面经：

  1. 4.13小红书客户端一面
     链接：https://www.nowcoder.com/discuss/873583831591223296?sourceSSR=home

  2. 闭眼冲大厂?适合自己的，才是最好的
     链接：https://www.nowcoder.com/discuss/873856667773894656?sourceSSR=home

  3. 嵌入式春招最后一个月该怎么准备？
     链接：https://www.nowcoder.com/discuss/873305268065423360?sourceSSR=home

获取第一条面经内容...

  标题：4.13小红书客户端一面
  作者：None
  日期：None
  内容长度：1338 字符
  提取问题数：15

----------------------------------------
面经完整内容：
----------------------------------------
闭麦源杀鸡04-14 15:10门头沟学院 Java发布于山东关注已关注取消关注4.13小红书客户端一面1.工具调用率核心提高了15%，依赖的是什么手段？2.意图不太明确的时候，显著调用的是什么？3.命中率是用什么指标来衡量的?有线上数据吗？4.有去判断模型整体的一个准确率，以及token消耗量？5.有考虑过通过大语言模型进行二轮评估吗?6.agno框架和其他框架有什么区别？7.有了解过harness工程吗？8.整体的话有没有做什么编排调度？目前大多数ai coding的编排还是比较固定的，规划 生产 评估，有尝试完成这种编排吗？9.你觉得你们公司的场景适合这么做吗？10.context engineering长期记忆 短期记忆是怎么进行组织的？11.怎么保证记忆不会随着时间长期进行腐化？算法：排序链表12.平衡二叉树和红黑树的区别？反问：如何去做记忆模块？建议去看一下claude code源码，了解一下架构，看一下k神的讲解，怎么去做的自管理提示订阅专刊全部评论推荐最新楼层暂无评论，快来抢首评~一键发评工具调用率怎么提的耐面王忍耐王意图不明确调什么命中率用啥指标评论点赞成功，聊一聊 >17分享举报取消确定举报取 消确 定评论提到的真题返回内容全站热榜更多1...厦门银行AI面试面经80592...字节TikTok前端一面：面完一身冷汗70823...成都致远互联java后端一面29174...报就业培训班纯浪费米！24855...4.16 滴滴一面21946...招银资料审查18847...#美团笔试#一顿酣畅淋漓的蒙答案，感觉比第一次笔试难呢15798...华为暑期实习15259...学院本圆梦字节，提前结束暑期啦147910...京东前端实习一面凉经1448创作者周榜更多正在热议更多#HR面都在聊什么？#16327次浏览187人参与#网易笔试#164675次浏览809人参与#从投递到OC，你用了多久#28052次浏览295人参与#你的第一家实习公司是什么档次？#70862次浏览337人参与#哪些公司面试还在问八股？#16076次浏览157人参与#博世求职进展汇总#18769次浏览64人参与#AI时代还有必要刷leetcode吗？#40474次浏览485人参与#字节7000实习来了，你投了吗？#39179次浏览282人参与#金三银四，你的春招进行到哪个阶段了？#32730次浏览314人参与#你今年的平均薪资是多少？#221571次浏览1052人参与#每个月的工资都是怎么分配的？#96925次浏览697人参与#想从事Agent应该学习哪些技术？#10440次浏览333人参与#有哪些公司在面试时考察AICoding？#22701次浏览390人参与#大学生该如何认清当下的就业环境？#163910次浏览897人参与#铜五铁六真的存在吗？#55806次浏览335人参与#运营人求职交流聚集地#242411次浏览1119人参与#26届春招投递记录#4104次浏览45人参与#哪些公司开春招了？#118343次浏览627人参与#校招阶段，学历VS技术哪个更重要？#66192次浏览352人参与#我的求职进度条#1146281次浏览8327人参与

----------------------------------------
提取的面试问题：
----------------------------------------
1. 1.工具调用率核心提高了15%，依赖的是什么手段？
2. 2.意图不太明确的时候，显著调用的是什么？
3. 3.命中率是用什么指标来衡量的?有线上数据吗？
4. 4.有去判断模型整体的一个准确率，以及token消耗量？
5. 5.有考虑过通过大语言模型进行二轮评估吗?
6. 6.agno框架和其他框架有什么区别？
7. 7.有了解过harness工程吗？
8. 8.整体的话有没有做什么编排调度？
9. 目前大多数ai coding的编排还是比较固定的，规划 生产 评估，有尝试完成这种编排吗？
10. 9.你觉得你们公司的场景适合这么做吗？
11. 10.context engineering长期记忆 短期记忆是怎么进行组织的？
12. 11.怎么保证记忆不会随着时间长期进行腐化？
13. 12.平衡二叉树和红黑树的区别？
14. 反问：如何去做记忆模块？
15. 1...厦门银行AI面试面经8059

============================================================
  测试完成
============================================================

